
> kolaba@1.0.0 test
> npm run test:ts


> kolaba@1.0.0 test:ts
> npm run test:compile && cucumber-js tests/features/ --require tests/dist/step_definitions/simple_steps.js --name "Pulling remote-only files"


> kolaba@1.0.0 test:compile
> tsc -p tests/tsconfig.json

.✅ Using extracted pullRemoteChange logic for testing
.........✅ Successfully created remote-only file: remote-only1.md
✅ Successfully created remote-only file: remote-only2.md
...

1 scenario (1 passed)
12 steps (12 passed)
0m00.013s (executing steps: 0m00.001s)
